{"state_id": "matched--downhill-3deg-start-1-650", "anchor": "original", "passed": false, "current_window_passed": false, "restart_window_passed": false, "observed_duration_s": 13.82}
{"state_id": "matched--downhill-3deg-start-1-650", "anchor": "v48", "passed": false, "current_window_passed": false, "restart_window_passed": false, "observed_duration_s": 13.82}
{"state_id": "matched--downhill-3deg-start-1-657", "anchor": "original", "passed": false, "current_window_passed": false, "restart_window_passed": false, "observed_duration_s": 13.82}
{"state_id": "matched--downhill-3deg-start-1-657", "anchor": "v48", "passed": false, "current_window_passed": false, "restart_window_passed": false, "observed_duration_s": 13.82}
{"state_id": "matched--downhill-3deg-start-2-650", "anchor": "original", "passed": false, "current_window_passed": false, "restart_window_passed": false, "observed_duration_s": 13.82}
{"state_id": "matched--downhill-3deg-start-2-650", "anchor": "v48", "passed": false, "current_window_passed": false, "restart_window_passed": false, "observed_duration_s": 13.82}
{"state_id": "matched--downhill-3deg-start-2-657", "anchor": "original", "passed": false, "current_window_passed": false, "restart_window_passed": false, "observed_duration_s": 13.82}
{"state_id": "matched--downhill-3deg-start-2-657", "anchor": "v48", "passed": false, "current_window_passed": false, "restart_window_passed": false, "observed_duration_s": 13.82}
{"state_id": "matched--matched-flat-start-1-650", "anchor": "original", "passed": true, "current_window_passed": true, "restart_window_passed": true, "observed_duration_s": 36.0}
{"state_id": "matched--matched-flat-start-1-650", "anchor": "v48", "passed": true, "current_window_passed": true, "restart_window_passed": true, "observed_duration_s": 36.0}
{"state_id": "matched--matched-flat-start-1-657", "anchor": "original", "passed": true, "current_window_passed": true, "restart_window_passed": true, "observed_duration_s": 36.0}
{"state_id": "matched--matched-flat-start-1-657", "anchor": "v48", "passed": true, "current_window_passed": true, "restart_window_passed": true, "observed_duration_s": 36.0}
{"state_id": "matched--matched-flat-start-2-650", "anchor": "original", "passed": true, "current_window_passed": true, "restart_window_passed": true, "observed_duration_s": 36.0}
{"state_id": "matched--matched-flat-start-2-650", "anchor": "v48", "passed": true, "current_window_passed": true, "restart_window_passed": true, "observed_duration_s": 36.0}
{"state_id": "matched--matched-flat-start-2-657", "anchor": "original", "passed": true, "current_window_passed": true, "restart_window_passed": true, "observed_duration_s": 36.0}
{"state_id": "matched--matched-flat-start-2-657", "anchor": "v48", "passed": true, "current_window_passed": true, "restart_window_passed": true, "observed_duration_s": 36.0}
{"state_id": "original--continuous-composition-start-1-4250", "anchor": "original", "passed": true, "current_window_passed": true, "restart_window_passed": true, "observed_duration_s": 180.0}
{"state_id": "original--continuous-composition-start-1-4250", "anchor": "v48", "passed": false, "current_window_passed": true, "restart_window_passed": true, "observed_duration_s": 139.92000000000002}
{"state_id": "original--continuous-composition-start-1-4256", "anchor": "original", "passed": true, "current_window_passed": true, "restart_window_passed": true, "observed_duration_s": 180.0}
{"state_id": "original--continuous-composition-start-1-4256", "anchor": "v48", "passed": false, "current_window_passed": true, "restart_window_passed": true, "observed_duration_s": 139.92000000000002}
{"state_id": "v48--continuous-composition-start-1-4250", "anchor": "original", "passed": true, "current_window_passed": true, "restart_window_passed": true, "observed_duration_s": 180.0}
{"state_id": "v48--continuous-composition-start-1-4250", "anchor": "v48", "passed": false, "current_window_passed": false, "restart_window_passed": false, "observed_duration_s": 86.28}
{"state_id": "v48--continuous-composition-start-1-4256", "anchor": "original", "passed": true, "current_window_passed": true, "restart_window_passed": true, "observed_duration_s": 180.0}
{"state_id": "v48--continuous-composition-start-1-4256", "anchor": "v48", "passed": false, "current_window_passed": false, "restart_window_passed": false, "observed_duration_s": 86.28}
{"complete": true, "exact_repeated_controls": 34068, "exact_source_controls": 14352, "phase": "compare", "elapsed_s": 112.2262029160047, "freeze_sha256": "5ca76a040ec9239cd02ffa1fd5f264ed460c053c73e3de1b9fe5e0715b039443"}
