{
  "20260906-v30-heading-endurance": {
    "manifest_sha256": "a1245c62d8cfe082a22acfd12a27817928c34a68fc290d52a6241c78b5022a79",
    "trace_sha256": "b004efd1a8ff32268a47e295a0702a9b9d019484b3c70fd78ef3820545f8df68",
    "cases": {
      "downhill-3deg-start-1": {
        "controls": 551,
        "mean_abs_yaw_error_rad_s": 0.24418568229531917,
        "signed_mean_yaw_rate_rad_s": 2.6714055192491005e-05,
        "mean_abs_policy_yaw_command_rad_s": 0.013873966512830798,
        "threshold_rad_s": 0.2,
        "pre_intervention": true
      },
      "downhill-3deg-start-2": {
        "controls": 551,
        "mean_abs_yaw_error_rad_s": 0.2409990180967661,
        "signed_mean_yaw_rate_rad_s": 0.0006404485411230229,
        "mean_abs_policy_yaw_command_rad_s": 0.02107731759867326,
        "threshold_rad_s": 0.2,
        "pre_intervention": true
      }
    }
  },
  "20260907-v46-retention-endurance": {
    "manifest_sha256": "5b61297f486c7c5ac70fa3207640308592613d0d968abd58ef323d66965e88d4",
    "trace_sha256": "0a0a4a782524311556823b758b0b1b4b931d68234a714e70d36aa66b55b3df29",
    "cases": {
      "downhill-3deg-start-1": {
        "controls": 551,
        "mean_abs_yaw_error_rad_s": 0.24414923344609918,
        "signed_mean_yaw_rate_rad_s": -0.004260252805013239,
        "mean_abs_policy_yaw_command_rad_s": 0.01246927629813688,
        "threshold_rad_s": 0.2,
        "pre_intervention": true
      },
      "downhill-3deg-start-2": {
        "controls": 551,
        "mean_abs_yaw_error_rad_s": 0.24628824263535648,
        "signed_mean_yaw_rate_rad_s": -0.001179176368322203,
        "mean_abs_policy_yaw_command_rad_s": 0.024559826800436904,
        "threshold_rad_s": 0.2,
        "pre_intervention": true
      }
    }
  },
  "20260908-v48-standing-retention-endurance": {
    "manifest_sha256": "a54858fbf4bfd2a0764e186f1d7a01e9816c79bb198936ff21f9b6df7f320f85",
    "trace_sha256": "13ce54caaf2947f56a25471c12a0ffb9200ba3613fbaab14be66bb51c455ac43",
    "cases": {
      "downhill-3deg-start-1": {
        "controls": 551,
        "mean_abs_yaw_error_rad_s": 0.242831888447231,
        "signed_mean_yaw_rate_rad_s": -0.003653905861568598,
        "mean_abs_policy_yaw_command_rad_s": 0.012585253691639299,
        "threshold_rad_s": 0.2,
        "pre_intervention": true
      },
      "downhill-3deg-start-2": {
        "controls": 551,
        "mean_abs_yaw_error_rad_s": 0.241307255239955,
        "signed_mean_yaw_rate_rad_s": 0.0017387407828565377,
        "mean_abs_policy_yaw_command_rad_s": 0.028596251083784288,
        "threshold_rad_s": 0.2,
        "pre_intervention": true
      }
    }
  }
}
