{"case": "downhill-3deg-start-1--window-1", "passed": false, "failures": ["fall", "incomplete_duration", "missing_tracking_or_stop_evidence", "nonfoot_support", "self_contact:incomplete_duration", "self_load:incomplete_duration", "self_load:continuous_body_bracing", "endurance:incomplete_endurance_evidence", "endurance:missing_final_standing_posture"], "duration_s": 13.98}
{"case": "downhill-3deg-start-1--window-2", "passed": false, "failures": ["not_run_after_terminal_fall"], "duration_s": 0.0}
{"case": "downhill-3deg-start-2--window-1", "passed": false, "failures": ["fall", "incomplete_duration", "missing_tracking_or_stop_evidence", "self_contact:incomplete_duration", "self_load:incomplete_duration", "endurance:incomplete_endurance_evidence", "endurance:missing_final_standing_posture"], "duration_s": 13.84}
{"case": "downhill-3deg-start-2--window-2", "passed": false, "failures": ["not_run_after_terminal_fall"], "duration_s": 0.0}
{"case": "continuous-composition-start-1--window-1", "passed": true, "failures": [], "duration_s": 18.0}
{"case": "continuous-composition-start-1--window-2", "passed": true, "failures": [], "duration_s": 18.0}
{"case": "continuous-composition-start-1--window-3", "passed": true, "failures": [], "duration_s": 18.0}
{"case": "continuous-composition-start-1--window-4", "passed": true, "failures": [], "duration_s": 18.0}
{"case": "continuous-composition-start-1--window-5", "passed": true, "failures": [], "duration_s": 18.0}
{"case": "continuous-composition-start-1--window-6", "passed": true, "failures": [], "duration_s": 18.0}
{"case": "continuous-composition-start-1--window-7", "passed": true, "failures": [], "duration_s": 18.0}
{"case": "continuous-composition-start-1--window-8", "passed": true, "failures": [], "duration_s": 18.0}
{"case": "continuous-composition-start-1--window-9", "passed": true, "failures": [], "duration_s": 18.0}
{"case": "continuous-composition-start-1--window-10", "passed": true, "failures": [], "duration_s": 18.0}
{"case": "continuous-composition-start-2--window-1", "passed": true, "failures": [], "duration_s": 18.0}
{"case": "continuous-composition-start-2--window-2", "passed": true, "failures": [], "duration_s": 18.0}
{"case": "continuous-composition-start-2--window-3", "passed": true, "failures": [], "duration_s": 18.0}
{"case": "continuous-composition-start-2--window-4", "passed": true, "failures": [], "duration_s": 18.0}
{"case": "continuous-composition-start-2--window-5", "passed": true, "failures": [], "duration_s": 18.0}
{"case": "continuous-composition-start-2--window-6", "passed": true, "failures": [], "duration_s": 18.0}
{"case": "continuous-composition-start-2--window-7", "passed": true, "failures": [], "duration_s": 18.0}
{"case": "continuous-composition-start-2--window-8", "passed": true, "failures": [], "duration_s": 18.0}
{"case": "continuous-composition-start-2--window-9", "passed": true, "failures": [], "duration_s": 18.0}
{"case": "continuous-composition-start-2--window-10", "passed": true, "failures": [], "duration_s": 18.0}
{"passed_sessions": 2, "total_sessions": 4, "exception": null}
