Using Python 3.12.3 environment at: /workspace/venvs/genesis
Resolved 126 packages in 1.40s
Downloading torchvision (7.7MiB)
Downloading sympy (6.0MiB)
Downloading networkx (2.0MiB)
Downloading pygel3d (1.6MiB)
Downloading pydantic-core (2.0MiB)
Downloading numba (3.7MiB)
Downloading opencv-python (70.4MiB)
Downloading numpy (15.9MiB)
Downloading tensorboard (5.3MiB)
Downloading torch (859.1MiB)
Downloading triton (162.6MiB)
Downloading tensorboard-data-server (6.3MiB)
Downloading pysplashsurf (2.8MiB)
Downloading matplotlib (9.6MiB)
Downloading pyopengl (3.0MiB)
Downloading nvidia-curand-cu12 (60.7MiB)
Downloading scikit-image (12.9MiB)
Downloading fonttools (5.2MiB)
Downloading pyarrow (40.8MiB)
Downloading onnxruntime (22.1MiB)
Downloading pillow (6.3MiB)
Downloading nvidia-cusolver-cu12 (255.1MiB)
Downloading nvidia-cufft-cu12 (184.2MiB)
Downloading nvidia-cusparselt-cu12 (273.9MiB)
Downloading nvidia-cusparse-cu12 (274.9MiB)
Downloading nvidia-cuda-cupti-cu12 (9.8MiB)
Downloading z3-solver (27.9MiB)
Downloading nvidia-nccl-cu12 (307.4MiB)
Downloading onnx (18.2MiB)
Downloading gs-madrona (35.9MiB)
Downloading libigl (13.2MiB)
Downloading coacd (2.5MiB)
Downloading nvidia-cuda-nvrtc-cu12 (84.0MiB)
Downloading grpcio (6.7MiB)
Downloading nvidia-cudnn-cu12 (674.0MiB)
Downloading scipy (33.7MiB)
Downloading av (34.1MiB)
Downloading dracopy (4.9MiB)
Downloading genesis-world (79.6MiB)
Downloading vtk (133.2MiB)
Downloading llvmlite (57.1MiB)
Downloading quadrants (39.1MiB)
Downloading kiwisolver (1.4MiB)
Downloading nvidia-nvjitlink-cu12 (37.4MiB)
Downloading plotly (18.2MiB)
Downloading imageio-ffmpeg (28.1MiB)
Downloading nvidia-cublas-cu12 (566.8MiB)
Downloading pymeshlab (101.6MiB)
Downloading mujoco (18.9MiB)
Downloading nvidia-nvshmem-cu12 (118.9MiB)
 Downloading torchvision
Downloading openexr (1.2MiB)
 Downloading pygel3d
Downloading pygments (1.2MiB)
 Downloading kiwisolver
Downloading nvidia-cufile-cu12 (1.1MiB)
 Downloading openexr
 Downloading pydantic-core
 Downloading coacd
 Downloading pysplashsurf
 Downloading nvidia-cufile-cu12
 Downloading networkx
 Downloading pygments
 Downloading numba
 Downloading triton
 Downloading dracopy
   Building pygltflib==1.16.0
 Downloading fonttools
 Downloading tensorboard
      Built pygltflib==1.16.0
 Downloading sympy
 Downloading pillow
 Downloading tensorboard-data-server
 Downloading grpcio
 Downloading matplotlib
 Downloading nvidia-cuda-cupti-cu12
 Downloading pyopengl
 Downloading scikit-image
 Downloading libigl
 Downloading numpy
 Downloading mujoco
 Downloading onnxruntime
 Downloading z3-solver
 Downloading imageio-ffmpeg
 Downloading av
 Downloading scipy
 Downloading gs-madrona
 Downloading nvidia-nvjitlink-cu12
 Downloading quadrants
 Downloading onnx
 Downloading llvmlite
 Downloading pyarrow
 Downloading nvidia-curand-cu12
 Downloading opencv-python
 Downloading torch
 Downloading nvidia-cuda-nvrtc-cu12
 Downloading genesis-world
 Downloading pymeshlab
 Downloading nvidia-nvshmem-cu12
 Downloading vtk
 Downloading nvidia-cufft-cu12
 Downloading nvidia-cusolver-cu12
 Downloading nvidia-cusparse-cu12
 Downloading nvidia-cusparselt-cu12
 Downloading nvidia-nccl-cu12
 Downloading nvidia-cublas-cu12
 Downloading plotly
 Downloading nvidia-cudnn-cu12
Prepared 126 packages in 42.00s
Installed 126 packages in 896ms
 + absl-py==2.5.0
 + annotated-types==0.8.0
 + av==18.1.0
 + cffi==2.1.1
 + cloudpickle==3.1.2
 + coacd==1.0.14
 + colorama==0.4.6
 + contourpy==1.3.3
 + cycler==0.12.1
 + dataclasses-json==0.6.7
 + decorator==5.3.1
 + deprecated==1.3.1
 + dill==0.4.1
 + dracopy==2.0.0
 + etils==1.14.0
 + fast-simplification==0.2.0
 + filelock==3.32.5
 + flatbuffers==25.12.19
 + fonttools==4.64.0
 + freetype-py==2.5.1
 + frozendict==2.4.7
 + fsspec==2026.7.0
 + genesis-world==1.3.3
 + gitdb==4.0.12
 + gitpython==3.1.61
 + glfw==2.10.2
 + grpcio==1.83.1
 + gs-madrona==0.0.10
 + imageio==2.37.4
 + imageio-ffmpeg==0.6.0
 + importlib-metadata==9.0.1
 + jinja2==3.1.6
 + kiwisolver==1.5.1
 + lazy-loader==0.5
 + libigl==2.6.3
 + llvmlite==0.49.0
 + markdown==3.10.3
 + markdown-it-py==4.2.0
 + markupsafe==3.0.3
 + marshmallow==3.26.2
 + matplotlib==3.11.1
 + mdurl==0.1.2
 + ml-dtypes==0.6.0
 + moviepy==2.2.1
 + mpmath==1.3.0
 + mujoco==3.12.0
 + mypy-extensions==1.1.0
 + networkx==3.6.1
 + numba==0.67.0
 + numpy==2.5.2
 + nvidia-cublas-cu12==12.8.4.1
 + nvidia-cuda-cupti-cu12==12.8.90
 + nvidia-cuda-nvrtc-cu12==12.8.93
 + nvidia-cuda-runtime-cu12==12.8.90
 + nvidia-cudnn-cu12==9.10.2.21
 + nvidia-cufft-cu12==11.3.3.83
 + nvidia-cufile-cu12==1.13.1.3
 + nvidia-curand-cu12==10.3.9.90
 + nvidia-cusolver-cu12==11.7.3.90
 + nvidia-cusparse-cu12==12.5.8.93
 + nvidia-cusparselt-cu12==0.7.1
 + nvidia-nccl-cu12==2.27.5
 + nvidia-nvjitlink-cu12==12.8.93
 + nvidia-nvshmem-cu12==3.3.20
 + nvidia-nvtx-cu12==12.8.90
 + onnx==1.22.0
 + onnx-ir==1.0.0
 + onnxruntime==1.29.0
 + onnxscript==0.7.1
 + opencv-python==5.0.0.93
 + openexr==3.4.15
 + orjson==3.12.0
 + packaging==26.3
 + pillow==11.3.0
 + plotly==5.24.1
 + proglog==0.1.12
 + protobuf==7.36.1
 + psutil==7.2.2
 + py-cpuinfo==9.0.0
 + pyarrow==21.0.0
 + pycollada==0.9.3
 + pycparser==3.0
 + pydantic==2.13.5
 + pydantic-core==2.46.5
 + pygel3d==0.8.2
 + pyglet==2.1.16
 + pygltflib==1.16.0
 + pygments==2.21.0
 + pymeshlab==2025.7.post1
 + pyopengl==3.1.10
 + pyparsing==3.3.2
 + pysplashsurf==0.14.1.0
 + python-dateutil==2.9.0.post0
 + python-dotenv==1.2.3
 + pyvers==0.2.3
 + pyyaml==6.0.3
 + quadrants==1.3.0
 + rich==15.0.0
 + rsl-rl-lib==5.4.2
 + rtree==1.4.1
 + scikit-image==0.26.0
 + scipy==1.18.1
 + setuptools==84.0.0
 + six==1.17.0
 + smmap==5.0.3
 + sympy==1.14.0
 + tenacity==9.1.4
 + tensorboard==2.21.0
 + tensorboard-data-server==0.7.2
 + tensordict==0.14.0
 + tetgen==0.8.2
 + tifffile==2026.8.23
 + torch==2.9.1+cu128
 + torchvision==0.24.1+cu128
 + tqdm==4.70.0
 + trimesh==5.1.0
 + triton==3.5.1
 + typing-extensions==4.16.0
 + typing-inspect==0.9.0
 + typing-inspection==0.4.4
 + vtk==9.7.0
 + werkzeug==3.1.8
 + wrapt==2.4.0
 + xacro==2.1.1
 + z3-solver==4.15.4.0
 + zipp==4.1.0
