Using CPython 3.12.3 interpreter at: /usr/bin/python3
Creating virtual environment at: /workspace/src/microduck-rl/.venv
   Updating https://github.com/Rhoban/bam.git (mjlab_frictionloss)
   Building mjlab-microduck @ file:///workspace/src/microduck-rl
      Built mjlab-microduck @ file:///workspace/src/microduck-rl
Downloading pynacl (1.3MiB)
Downloading rustypot (1.8MiB)
Downloading jedi (4.7MiB)
Downloading mujoco-warp (1.9MiB)
Downloading viser (4.8MiB)
Downloading grpcio (6.3MiB)
Downloading pydantic-core (2.0MiB)
Downloading setuptools (1.1MiB)
Downloading torchvision (7.7MiB)
Downloading scipy (33.7MiB)
Downloading cryptography (4.3MiB)
Downloading warp-lang (130.2MiB)
Downloading torch (858.1MiB)
Downloading fonttools (4.8MiB)
Downloading mujoco (19.9MiB)
Downloading pygments (1.2MiB)
Downloading wandb (21.8MiB)
Downloading tensorboard (5.3MiB)
Downloading mjlab (13.5MiB)
Downloading ml-dtypes (4.8MiB)
Downloading kiwisolver (1.4MiB)
Downloading zstandard (5.3MiB)
Downloading hf-xet (4.3MiB)
Downloading numpy (15.6MiB)
Downloading matplotlib (8.4MiB)
Downloading onnxruntime (16.4MiB)
Downloading pillow (6.8MiB)
Downloading triton (162.6MiB)
 Downloading kiwisolver
 Downloading pynacl
 Downloading rustypot
 Downloading pydantic-core
    Updated https://github.com/Rhoban/bam.git (62bd8ce12154340be97e06f7f41a0ca8f116d967)
   Building better-actuator-models @ git+https://github.com/Rhoban/bam.git@62bd8ce12154340be97e06f7f41a0ca8f116d967
 Downloading mujoco-warp
 Downloading pygments
 Downloading setuptools
 Downloading hf-xet
 Downloading cryptography
 Downloading fonttools
 Downloading ml-dtypes
 Downloading viser
 Downloading zstandard
 Downloading tensorboard
      Built better-actuator-models @ git+https://github.com/Rhoban/bam.git@62bd8ce12154340be97e06f7f41a0ca8f116d967
 Downloading grpcio
 Downloading pillow
 Downloading torchvision
 Downloading matplotlib
 Downloading mjlab
 Downloading numpy
 Downloading onnxruntime
 Downloading mujoco
 Downloading wandb
 Downloading scipy
 Downloading jedi
 Downloading warp-lang
 Downloading triton
 Downloading torch
Prepared 105 packages in 16.05s
Installed 142 packages in 751ms
 + absl-py==2.3.1
 + annotated-doc==0.0.4
 + annotated-types==0.7.0
 + anyio==4.12.1
 + asttokens==3.0.1
 + bcrypt==5.0.0
 + better-actuator-models==1.0.1 (from git+https://github.com/Rhoban/bam.git@62bd8ce12154340be97e06f7f41a0ca8f116d967)
 + certifi==2026.1.4
 + cffi==2.0.0
 + charset-normalizer==3.4.4
 + click==8.3.1
 + cloudpickle==3.1.2
 + colorama==0.4.6
 + contourpy==1.3.3
 + cryptography==46.0.3
 + cycler==0.12.1
 + decorator==5.2.1
 + deprecated==1.3.1
 + docstring-parser==0.17.0
 + etils==1.13.0
 + executing==2.2.1
 + fabric==3.2.2
 + filelock==3.20.3
 + flatbuffers==25.12.19
 + fonttools==4.63.0
 + fsspec==2026.1.0
 + gitdb==4.0.12
 + gitpython==3.1.46
 + glfw==2.10.0
 + grpcio==1.76.0
 + h11==0.16.0
 + hf-xet==1.5.0
 + httpcore==1.0.9
 + httpx==0.28.1
 + huggingface-hub==1.15.0
 + idna==3.11
 + imageio==2.37.2
 + imageio-ffmpeg==0.6.0
 + importlib-metadata==8.7.1
 + importlib-resources==6.5.2
 + invoke==2.2.1
 + ipython==9.15.0
 + ipython-pygments-lexers==1.1.1
 + jedi==0.20.0
 + jinja2==3.1.6
 + kiwisolver==1.5.0
 + markdown==3.10
 + markdown-it-py==4.0.0
 + markupsafe==3.0.3
 + matplotlib==3.10.9
 + matplotlib-inline==0.2.2
 + mdurl==0.1.2
 + mediapy==1.2.6
 + mjlab==1.3.0
 + mjlab-microduck==0.1.0 (from file:///workspace/src/microduck-rl)
 + mjviser==0.0.14
 + ml-dtypes==0.5.4
 + mpmath==1.3.0
 + msgspec==0.20.0
 + mujoco==3.10.0
 + mujoco-warp==3.8.1
 + networkx==3.6.1
 + numpy==2.4.1
 + nvidia-cublas-cu12==12.8.4.1
 + nvidia-cuda-cupti-cu12==12.8.90
 + nvidia-cuda-nvrtc-cu12==12.8.93
 + nvidia-cuda-runtime-cu12==12.8.90
 + nvidia-cudnn-cu12==9.10.2.21
 + nvidia-cufft-cu12==11.3.3.83
 + nvidia-cufile-cu12==1.13.1.3
 + nvidia-curand-cu12==10.3.9.90
 + nvidia-cusolver-cu12==11.7.3.90
 + nvidia-cusparse-cu12==12.5.8.93
 + nvidia-cusparselt-cu12==0.7.1
 + nvidia-nccl-cu12==2.27.5
 + nvidia-nvjitlink-cu12==12.8.93
 + nvidia-nvshmem-cu12==3.3.20
 + nvidia-nvtx-cu12==12.8.90
 + onnx==1.22.0
 + onnx-ir==0.1.14
 + onnxruntime==1.24.4
 + onnxscript==0.5.7
 + orjson==3.11.5
 + packaging==25.0
 + paramiko==4.0.0
 + parso==0.8.7
 + pexpect==4.9.0
 + pillow==12.2.0
 + platformdirs==4.5.1
 + prettytable==3.17.0
 + prompt-toolkit==3.0.52
 + protobuf==6.33.6
 + psutil==7.2.2
 + ptyprocess==0.7.0
 + pure-eval==0.2.3
 + pycparser==2.23
 + pydantic==2.12.5
 + pydantic-core==2.41.5
 + pygments==2.19.2
 + pynacl==1.6.2
 + pyopengl==3.1.10
 + pyparsing==3.3.2
 + python-dateutil==2.9.0.post0
 + pyvers==0.1.0
 + pyyaml==6.0.3
 + requests==2.32.5
 + rich==14.2.0
 + rsl-rl-lib==5.0.1
 + rustypot==1.5.0
 + scipy==1.18.0
 + sentry-sdk==2.49.0
 + setuptools==80.9.0
 + shellingham==1.5.4
 + six==1.17.0
 + smmap==5.0.2
 + stack-data==0.6.3
 + sympy==1.14.0
 + tensorboard==2.20.0
 + tensorboard-data-server==0.7.2
 + tensordict==0.10.0
 + torch==2.9.1
 + torchrunx==0.3.4
 + torchvision==0.24.1
 + tqdm==4.67.1
 + traitlets==5.15.1
 + trimesh==4.11.1
 + triton==3.5.1
 + typeguard==4.4.4
 + typer==0.25.1
 + typing-extensions==4.15.0
 + typing-inspection==0.4.2
 + tyro==1.0.5
 + urllib3==2.6.3
 + viser==1.0.30
 + wandb==0.24.0
 + warp-lang==1.12.0
 + wcwidth==0.2.14
 + websockets==15.0.1
 + werkzeug==3.1.5
 + wrapt==2.0.1
 + zipp==3.23.0
 + zstandard==0.25.0
