[38;5;226m[Genesis] [16:51:47] [WARNING] Mesh is not watertight. Falling back to convex hull for estimating inertial properties.[0m
/private/var/folders/hm/6gd6d81d5wbfmk6j51dx894c0000gn/T/microduck-m0-clean.XXXXXX.LVOd1EkvYx/repo/export_onnx.py:97: UserWarning: # 'dynamic_axes' is not recommended when dynamo=True, and may lead to 'torch._dynamo.exc.UserError: Constraints violated.' Supply the 'dynamic_shapes' argument instead if export is unsuccessful.
  torch.onnx.export(
W0901 16:51:50.885000 13745 .venv-apple/lib/python3.12/site-packages/torch/onnx/_internal/exporter/_compat.py:114] Setting ONNX exporter to use operator set version 18 because the requested opset_version 17 is a lower version than we have implementations for. Automatic version conversion will be performed, which may not be successful at converting to the requested version. If version conversion is unsuccessful, the opset version of the exported model will be kept at 18. Please consider setting opset_version >=18 to leverage latest ONNX features
The model version conversion is not supported by the onnxscript version converter and fallback is enabled. The model will be converted using the onnx C API (target version: 17).
--------------------------------------------------------------------------------
Resolved observation sets: 
	 actor :  ['policy']
	 critic :  ['policy', 'privileged']
--------------------------------------------------------------------------------
Actor Model: MLPModel(
  (obs_normalizer): EmpiricalNormalization()
  (distribution): GaussianDistribution()
  (mlp): MLP(
    (0): Linear(in_features=61, out_features=512, bias=True)
    (1): ELU(alpha=1.0)
    (2): Linear(in_features=512, out_features=256, bias=True)
    (3): ELU(alpha=1.0)
    (4): Linear(in_features=256, out_features=128, bias=True)
    (5): ELU(alpha=1.0)
    (6): Linear(in_features=128, out_features=14, bias=True)
  )
)
Critic Model: MLPModel(
  (obs_normalizer): EmpiricalNormalization()
  (mlp): MLP(
    (0): Linear(in_features=90, out_features=512, bias=True)
    (1): ELU(alpha=1.0)
    (2): Linear(in_features=512, out_features=256, bias=True)
    (3): ELU(alpha=1.0)
    (4): Linear(in_features=256, out_features=128, bias=True)
    (5): ELU(alpha=1.0)
    (6): Linear(in_features=128, out_features=1, bias=True)
  )
)
[torch.onnx] Obtain model graph for `ExportedPolicy([...]` with `torch.export.export(..., strict=False)`...
[torch.onnx] Obtain model graph for `ExportedPolicy([...]` with `torch.export.export(..., strict=False)`... ✅
[torch.onnx] Run decomposition...
[torch.onnx] Run decomposition... ✅
[torch.onnx] Translate the graph into ONNX...
[torch.onnx] Translate the graph into ONNX... ✅
écrit /var/folders/hm/6gd6d81d5wbfmk6j51dx894c0000gn/T/microduck-m0-clean.XXXXXX.LVOd1EkvYx/receipt/walking/policy.onnx  (obs 61 → action 14, 0.79 Mo, fichier unique)
découpe de l'observation :
  [ 0: 3] base_ang_vel
  [ 3: 6] projected_gravity
  [ 6:20] joint_pos
  [20:34] joint_vel
  [34:48] actions
  [48:51] twist_command
  [51:55] head_pose_command
  [55:61] body_pose_command
contrôle onnxruntime : écart max 2.146e-06 sur 33 observations
