Using CPython 3.12.12
Creating virtual environment at: /var/folders/hm/6gd6d81d5wbfmk6j51dx894c0000gn/T/microduck-m0-clean.XXXXXX.LVOd1EkvYx/repo/.venv-apple
Activate with: source /var/folders/hm/6gd6d81d5wbfmk6j51dx894c0000gn/T/microduck-m0-clean.XXXXXX.LVOd1EkvYx/repo/.venv-apple/bin/activate
Using Python 3.12.12 environment at: /var/folders/hm/6gd6d81d5wbfmk6j51dx894c0000gn/T/microduck-m0-clean.XXXXXX.LVOd1EkvYx/repo/.venv-apple
Resolved 108 packages in 623ms
Installed 108 packages in 1.60s
 + absl-py==2.5.0
 + annotated-types==0.8.0
 + av==18.1.0
 + cffi==2.1.1
 + cloudpickle==3.1.2
 + coacd==1.0.14
 + colorama==0.4.6
 + coloredlogs==15.0.1
 + contourpy==1.3.3
 + cycler==0.12.1
 + dataclasses-json==0.6.7
 + decorator==5.3.1
 + deprecated==1.3.1
 + dill==0.4.1
 + dracopy==2.0.0
 + etils==1.14.0
 + fast-simplification==0.2.0
 + filelock==3.32.5
 + flatbuffers==25.12.19
 + fonttools==4.64.0
 + freetype-py==2.5.1
 + frozendict==2.4.7
 + fsspec==2026.7.0
 + genesis-world==1.3.3
 + gitdb==4.0.12
 + gitpython==3.1.61
 + glfw==2.10.2
 + grpcio==1.83.1
 + humanfriendly==10.0
 + imageio==2.37.4
 + imageio-ffmpeg==0.6.0
 + jinja2==3.1.6
 + kiwisolver==1.5.1
 + lazy-loader==0.5
 + libigl==2.6.3
 + llvmlite==0.49.0
 + markdown==3.10.3
 + markdown-it-py==4.2.0
 + markupsafe==3.0.3
 + marshmallow==3.26.2
 + matplotlib==3.11.1
 + mdurl==0.1.2
 + ml-dtypes==0.6.0
 + moviepy==2.2.1
 + mpmath==1.3.0
 + mujoco==3.12.0
 + mypy-extensions==1.1.0
 + networkx==3.6.1
 + numba==0.67.0
 + numpy==2.5.2
 + onnx==1.22.0
 + onnx-ir==1.0.0
 + onnxruntime==1.23.2
 + onnxscript==0.7.1
 + opencv-python==5.0.0.93
 + openexr==3.4.15
 + orjson==3.12.0
 + packaging==26.3
 + pillow==11.3.0
 + plotly==5.24.1
 + proglog==0.1.12
 + protobuf==7.36.1
 + psutil==7.2.2
 + py-cpuinfo==9.0.0
 + pycollada==0.9.3
 + pycparser==3.0
 + pydantic==2.13.5
 + pydantic-core==2.46.5
 + pygel3d==0.8.0
 + pyglet==2.1.16
 + pygltflib==1.16.0
 + pygments==2.21.0
 + pymeshlab==2025.7.post1
 + pyopengl==3.1.10
 + pyparsing==3.3.2
 + pysplashsurf==0.14.1.0
 + python-dateutil==2.9.0.post0
 + python-dotenv==1.2.3
 + pyyaml==6.0.3
 + quadrants==1.3.0
 + rich==15.0.0
 + rsl-rl-lib==5.4.2
 + rtree==1.4.1
 + scikit-image==0.26.0
 + scipy==1.18.1
 + setuptools==84.0.0
 + six==1.17.0
 + smmap==5.0.3
 + sympy==1.14.0
 + tenacity==9.1.4
 + tensorboard==2.21.0
 + tensorboard-data-server==0.7.2
 + tensordict==0.7.2
 + tetgen==0.8.2
 + tifffile==2026.8.23
 + torch==2.9.1
 + torchvision==0.24.1
 + tqdm==4.70.0
 + trimesh==5.1.0
 + typing-extensions==4.16.0
 + typing-inspect==0.9.0
 + typing-inspection==0.4.4
 + vtk==9.7.0
 + werkzeug==3.1.8
 + wrapt==2.4.0
 + xacro==2.1.1
 + z3-solver==4.15.4.0
 + zipp==4.1.0
[38;5;226m[Genesis] [16:47:57] [WARNING] 'torch<2.9.1' does not supported zero-copy on Apple Metal. Consider upgrading pytorch to improve runtime performance: https://pytorch.org/get-started/locally/[0m
Apple environment ready: torch=2.9.1, mps=True, genesis=1.3.3
Environment: /var/folders/hm/6gd6d81d5wbfmk6j51dx894c0000gn/T/microduck-m0-clean.XXXXXX.LVOd1EkvYx/repo/.venv-apple
Next gate: /var/folders/hm/6gd6d81d5wbfmk6j51dx894c0000gn/T/microduck-m0-clean.XXXXXX.LVOd1EkvYx/repo/scripts/run_apple_smokes.sh
