--------------------------------------------------------------------------------
Resolved observation sets: 
	 actor :  ['policy']
	 critic :  ['policy']
--------------------------------------------------------------------------------
Actor Model: RetainedWalkerActor(
  (walking): MLPModel(
    (obs_normalizer): EmpiricalNormalization()
    (distribution): GaussianDistribution()
    (mlp): MLP(
      (0): Linear(in_features=61, out_features=512, bias=True)
      (1): ELU(alpha=1.0)
      (2): Linear(in_features=512, out_features=256, bias=True)
      (3): ELU(alpha=1.0)
      (4): Linear(in_features=256, out_features=128, bias=True)
      (5): ELU(alpha=1.0)
      (6): Linear(in_features=128, out_features=14, bias=True)
    )
  )
  (standing): MLPModel(
    (obs_normalizer): EmpiricalNormalization()
    (distribution): GaussianDistribution()
    (mlp): MLP(
      (0): Linear(in_features=61, out_features=512, bias=True)
      (1): ELU(alpha=1.0)
      (2): Linear(in_features=512, out_features=256, bias=True)
      (3): ELU(alpha=1.0)
      (4): Linear(in_features=256, out_features=128, bias=True)
      (5): ELU(alpha=1.0)
      (6): Linear(in_features=128, out_features=14, bias=True)
    )
  )
  (distribution): GaussianDistribution()
  (teacher): MLPModel(
    (obs_normalizer): EmpiricalNormalization()
    (distribution): GaussianDistribution()
    (mlp): MLP(
      (0): Linear(in_features=61, out_features=512, bias=True)
      (1): ELU(alpha=1.0)
      (2): Linear(in_features=512, out_features=256, bias=True)
      (3): ELU(alpha=1.0)
      (4): Linear(in_features=256, out_features=128, bias=True)
      (5): ELU(alpha=1.0)
      (6): Linear(in_features=128, out_features=14, bias=True)
    )
  )
)
Critic Model: MLPModel(
  (obs_normalizer): EmpiricalNormalization()
  (mlp): MLP(
    (0): Linear(in_features=61, out_features=512, bias=True)
    (1): ELU(alpha=1.0)
    (2): Linear(in_features=512, out_features=256, bias=True)
    (3): ELU(alpha=1.0)
    (4): Linear(in_features=256, out_features=128, bias=True)
    (5): ELU(alpha=1.0)
    (6): Linear(in_features=128, out_features=1, bias=True)
  )
)
Storing git diff for 'microduck-rl-genesis' in: /Users/kelly/Developer/microduck-rl-genesis/logs/retention-native-20260907-v46-smoke/git/microduck-rl-genesis.diff
################################################################################
[1m                             Learning iteration 0/5                             [0m 

                               Run name: retention-native-20260907-v46-smoke
                            Total steps: 288 
                       Steps per second: 102 
                        Collection time: 1.049s 
                          Learning time: 1.748s 
                        Mean value loss: 0.2151
                    Mean surrogate loss: 0.0000
             Mean online_retention loss: 0.0000
          Mean rehearsal_retention loss: 0.0004
                        Mean action std: 0.00
--------------------------------------------------------------------------------
                         Iteration time: 2.80s
                           Time elapsed: 0:00:02
                                    ETA: 0:00:11

################################################################################
[1m                             Learning iteration 1/5                             [0m 

                               Run name: retention-native-20260907-v46-smoke
                            Total steps: 576 
                       Steps per second: 472 
                        Collection time: 0.411s 
                          Learning time: 0.198s 
                        Mean value loss: 0.5002
                    Mean surrogate loss: 0.0000
             Mean online_retention loss: 0.0000
          Mean rehearsal_retention loss: 0.0000
                        Mean action std: 0.00
--------------------------------------------------------------------------------
                         Iteration time: 0.61s
                           Time elapsed: 0:00:03
                                    ETA: 0:00:05

################################################################################
[1m                             Learning iteration 2/5                             [0m 

                               Run name: retention-native-20260907-v46-smoke
                            Total steps: 864 
                       Steps per second: 446 
                        Collection time: 0.401s 
                          Learning time: 0.244s 
                        Mean value loss: 0.2138
                    Mean surrogate loss: -0.0130
             Mean online_retention loss: 0.0050
          Mean rehearsal_retention loss: 0.0040
                        Mean action std: 0.04
--------------------------------------------------------------------------------
                         Iteration time: 0.65s
                           Time elapsed: 0:00:04
                                    ETA: 0:00:02

################################################################################
[1m                             Learning iteration 3/5                             [0m 

                               Run name: retention-native-20260907-v46-smoke
                            Total steps: 1152 
                       Steps per second: 432 
                        Collection time: 0.402s 
                          Learning time: 0.264s 
                        Mean value loss: 0.2143
                    Mean surrogate loss: -0.0608
             Mean online_retention loss: 0.0090
          Mean rehearsal_retention loss: 0.0080
                        Mean action std: 0.04
--------------------------------------------------------------------------------
                         Iteration time: 0.67s
                           Time elapsed: 0:00:04
                                    ETA: 0:00:01

################################################################################
[1m                             Learning iteration 4/5                             [0m 

                               Run name: retention-native-20260907-v46-smoke
                            Total steps: 1440 
                       Steps per second: 474 
                        Collection time: 0.401s 
                          Learning time: 0.206s 
                        Mean value loss: 0.2160
                    Mean surrogate loss: -0.0497
             Mean online_retention loss: 0.0114
          Mean rehearsal_retention loss: 0.0108
                        Mean action std: 0.04
--------------------------------------------------------------------------------
                         Iteration time: 0.61s
                           Time elapsed: 0:00:05
                                    ETA: 0:00:00

{"status": "completed", "checkpoint": "model_4.pt", "elapsed_s": 9.489902375004021, "new_transitions": 1440}
