--------------------------------------------------------------------------------
Resolved observation sets: 
	 actor :  ['policy']
	 critic :  ['policy']
--------------------------------------------------------------------------------
Actor Model: RetainedStanderActor(
  (walking): MLPModel(
    (obs_normalizer): EmpiricalNormalization()
    (distribution): GaussianDistribution()
    (mlp): MLP(
      (0): Linear(in_features=61, out_features=512, bias=True)
      (1): ELU(alpha=1.0)
      (2): Linear(in_features=512, out_features=256, bias=True)
      (3): ELU(alpha=1.0)
      (4): Linear(in_features=256, out_features=128, bias=True)
      (5): ELU(alpha=1.0)
      (6): Linear(in_features=128, out_features=14, bias=True)
    )
  )
  (standing): MLPModel(
    (obs_normalizer): EmpiricalNormalization()
    (distribution): GaussianDistribution()
    (mlp): MLP(
      (0): Linear(in_features=61, out_features=512, bias=True)
      (1): ELU(alpha=1.0)
      (2): Linear(in_features=512, out_features=256, bias=True)
      (3): ELU(alpha=1.0)
      (4): Linear(in_features=256, out_features=128, bias=True)
      (5): ELU(alpha=1.0)
      (6): Linear(in_features=128, out_features=14, bias=True)
    )
  )
  (distribution): GaussianDistribution()
  (teacher): MLPModel(
    (obs_normalizer): EmpiricalNormalization()
    (distribution): GaussianDistribution()
    (mlp): MLP(
      (0): Linear(in_features=61, out_features=512, bias=True)
      (1): ELU(alpha=1.0)
      (2): Linear(in_features=512, out_features=256, bias=True)
      (3): ELU(alpha=1.0)
      (4): Linear(in_features=256, out_features=128, bias=True)
      (5): ELU(alpha=1.0)
      (6): Linear(in_features=128, out_features=14, bias=True)
    )
  )
)
Critic Model: MLPModel(
  (obs_normalizer): EmpiricalNormalization()
  (mlp): MLP(
    (0): Linear(in_features=61, out_features=512, bias=True)
    (1): ELU(alpha=1.0)
    (2): Linear(in_features=512, out_features=256, bias=True)
    (3): ELU(alpha=1.0)
    (4): Linear(in_features=256, out_features=128, bias=True)
    (5): ELU(alpha=1.0)
    (6): Linear(in_features=128, out_features=1, bias=True)
  )
)
Storing git diff for 'microduck-rl-genesis' in: /Users/kelly/Developer/microduck-rl-genesis/logs/standing-retention-native-20260908-v48-smoke/git/microduck-rl-genesis.diff
################################################################################
[1m                             Learning iteration 0/5                             [0m 

                               Run name: standing-retention-native-20260908-v48-smoke
                            Total steps: 576 
                       Steps per second: 300 
                        Collection time: 1.001s 
                          Learning time: 0.916s 
                        Mean value loss: 6.2262
                    Mean surrogate loss: -0.1217
             Mean online_retention loss: 0.0275
          Mean rehearsal_retention loss: 0.0104
                        Mean action std: 0.04
--------------------------------------------------------------------------------
                         Iteration time: 1.92s
                           Time elapsed: 0:00:01
                                    ETA: 0:00:07

################################################################################
[1m                             Learning iteration 1/5                             [0m 

                               Run name: standing-retention-native-20260908-v48-smoke
                            Total steps: 1152 
                       Steps per second: 689 
                        Collection time: 0.667s 
                          Learning time: 0.168s 
                        Mean value loss: 304.8894
                    Mean surrogate loss: -0.0111
             Mean online_retention loss: 0.0054
          Mean rehearsal_retention loss: 0.0080
                            Mean reward: -142.02
                    Mean episode length: 39.50
                        Mean action std: 0.05
--------------------------------------------------------------------------------
                         Iteration time: 0.83s
                           Time elapsed: 0:00:02
                                    ETA: 0:00:04

################################################################################
[1m                             Learning iteration 2/5                             [0m 

                               Run name: standing-retention-native-20260908-v48-smoke
                            Total steps: 1728 
                       Steps per second: 697 
                        Collection time: 0.665s 
                          Learning time: 0.160s 
                        Mean value loss: 0.2339
                    Mean surrogate loss: -0.5484
             Mean online_retention loss: 0.0050
          Mean rehearsal_retention loss: 0.0071
                            Mean reward: -142.02
                    Mean episode length: 39.50
                        Mean action std: 0.03
--------------------------------------------------------------------------------
                         Iteration time: 0.83s
                           Time elapsed: 0:00:03
                                    ETA: 0:00:02

################################################################################
[1m                             Learning iteration 3/5                             [0m 

                               Run name: standing-retention-native-20260908-v48-smoke
                            Total steps: 2304 
                       Steps per second: 718 
                        Collection time: 0.632s 
                          Learning time: 0.170s 
                        Mean value loss: 0.3229
                    Mean surrogate loss: -0.3076
             Mean online_retention loss: 0.0088
          Mean rehearsal_retention loss: 0.0102
                            Mean reward: -142.02
                    Mean episode length: 39.50
                        Mean action std: 0.02
--------------------------------------------------------------------------------
                         Iteration time: 0.80s
                           Time elapsed: 0:00:04
                                    ETA: 0:00:01

################################################################################
[1m                             Learning iteration 4/5                             [0m 

                               Run name: standing-retention-native-20260908-v48-smoke
                            Total steps: 2880 
                       Steps per second: 704 
                        Collection time: 0.644s 
                          Learning time: 0.173s 
                        Mean value loss: 0.3188
                    Mean surrogate loss: -0.4057
             Mean online_retention loss: 0.0091
          Mean rehearsal_retention loss: 0.0104
                            Mean reward: -142.02
                    Mean episode length: 39.50
                        Mean action std: 0.02
--------------------------------------------------------------------------------
                         Iteration time: 0.82s
                           Time elapsed: 0:00:05
                                    ETA: 0:00:00

{"status": "completed", "checkpoint": "model_4.pt", "elapsed_s": 19.293652333988575, "new_transitions": 2880}
