{"cell": "flat-a-motor4-sensor1-yaw0.0", "origin": "home", "controls_per_repeat": [900, 900], "baseline_fell": false}
{"cell": "flat-a-motor4-sensor1-yaw0.0", "origin": "prebrake", "controls_per_repeat": [900, 900], "baseline_fell": false}
{"cell": "flat-a-motor4-sensor1-yaw0.12", "origin": "home", "controls_per_repeat": [900, 900], "baseline_fell": false}
{"cell": "flat-a-motor4-sensor1-yaw0.12", "origin": "prebrake", "controls_per_repeat": [900, 900], "baseline_fell": false}
{"cell": "flat-a-motor0-sensor0-yaw0.0", "origin": "home", "controls_per_repeat": [900, 900], "baseline_fell": false}
{"cell": "flat-a-motor0-sensor0-yaw0.0", "origin": "prebrake", "controls_per_repeat": [900, 900], "baseline_fell": false}
{"cell": "flat-a-motor0-sensor0-yaw0.12", "origin": "home", "controls_per_repeat": [900, 900], "baseline_fell": false}
{"cell": "flat-a-motor0-sensor0-yaw0.12", "origin": "prebrake", "controls_per_repeat": [900, 900], "baseline_fell": false}
{"cell": "flat-a-motor6-sensor1-yaw0.0", "origin": "home", "controls_per_repeat": [900, 900], "baseline_fell": false}
{"cell": "flat-a-motor6-sensor1-yaw0.0", "origin": "prebrake", "controls_per_repeat": [900, 900], "baseline_fell": false}
{"cell": "flat-a-motor6-sensor1-yaw0.12", "origin": "home", "controls_per_repeat": [900, 900], "baseline_fell": false}
{"cell": "flat-a-motor6-sensor1-yaw0.12", "origin": "prebrake", "controls_per_repeat": [900, 900], "baseline_fell": false}
{"cell": "flat-b-motor4-sensor1-yaw0.0", "origin": "home", "controls_per_repeat": [900, 900], "baseline_fell": false}
{"cell": "flat-b-motor4-sensor1-yaw0.0", "origin": "prebrake", "controls_per_repeat": [900, 900], "baseline_fell": false}
{"cell": "flat-b-motor4-sensor1-yaw0.12", "origin": "home", "controls_per_repeat": [900, 900], "baseline_fell": false}
{"cell": "flat-b-motor4-sensor1-yaw0.12", "origin": "prebrake", "controls_per_repeat": [900, 900], "baseline_fell": false}
{"cell": "flat-b-motor0-sensor0-yaw0.0", "origin": "home", "controls_per_repeat": [900, 900], "baseline_fell": false}
{"cell": "flat-b-motor0-sensor0-yaw0.0", "origin": "prebrake", "controls_per_repeat": [900, 900], "baseline_fell": false}
{"cell": "flat-b-motor0-sensor0-yaw0.12", "origin": "home", "controls_per_repeat": [900, 900], "baseline_fell": false}
{"cell": "flat-b-motor0-sensor0-yaw0.12", "origin": "prebrake", "controls_per_repeat": [900, 900], "baseline_fell": false}
{"cell": "flat-b-motor6-sensor1-yaw0.0", "origin": "home", "controls_per_repeat": [900, 900], "baseline_fell": false}
{"cell": "flat-b-motor6-sensor1-yaw0.0", "origin": "prebrake", "controls_per_repeat": [900, 900], "baseline_fell": false}
{"cell": "flat-b-motor6-sensor1-yaw0.12", "origin": "home", "controls_per_repeat": [900, 900], "baseline_fell": false}
{"cell": "flat-b-motor6-sensor1-yaw0.12", "origin": "prebrake", "controls_per_repeat": [900, 900], "baseline_fell": false}
{"cell": "downhill-motor4-sensor1-yaw0.0", "origin": "home", "controls_per_repeat": [900, 900], "baseline_fell": false}
{"cell": "downhill-motor4-sensor1-yaw0.0", "origin": "prebrake", "controls_per_repeat": [900, 900], "baseline_fell": false}
{"cell": "downhill-motor4-sensor1-yaw0.12", "origin": "home", "controls_per_repeat": [900, 900], "baseline_fell": false}
{"cell": "downhill-motor4-sensor1-yaw0.12", "origin": "prebrake", "controls_per_repeat": [900, 900], "baseline_fell": false}
{"cell": "downhill-motor0-sensor0-yaw0.0", "origin": "home", "controls_per_repeat": [900, 900], "baseline_fell": false}
{"cell": "downhill-motor0-sensor0-yaw0.0", "origin": "prebrake", "controls_per_repeat": [900, 900], "baseline_fell": false}
{"cell": "downhill-motor0-sensor0-yaw0.12", "origin": "home", "controls_per_repeat": [689, 689], "baseline_fell": true}
{"cell": "downhill-motor0-sensor0-yaw0.12", "origin": "prebrake", "controls_per_repeat": [39, 39], "baseline_fell": true}
{"cell": "downhill-motor6-sensor1-yaw0.0", "origin": "home", "controls_per_repeat": [691, 691], "baseline_fell": true}
{"cell": "downhill-motor6-sensor1-yaw0.0", "origin": "prebrake", "controls_per_repeat": [41, 41], "baseline_fell": true}
{"cell": "downhill-motor6-sensor1-yaw0.12", "origin": "home", "controls_per_repeat": [691, 691], "baseline_fell": true}
{"cell": "downhill-motor6-sensor1-yaw0.12", "origin": "prebrake", "controls_per_repeat": [41, 41], "baseline_fell": true}
{"cell": "uphill-motor4-sensor1-yaw0.0", "origin": "home", "controls_per_repeat": [900, 900], "baseline_fell": false}
{"cell": "uphill-motor4-sensor1-yaw0.0", "origin": "prebrake", "controls_per_repeat": [900, 900], "baseline_fell": false}
{"cell": "uphill-motor4-sensor1-yaw0.12", "origin": "home", "controls_per_repeat": [900, 900], "baseline_fell": false}
{"cell": "uphill-motor4-sensor1-yaw0.12", "origin": "prebrake", "controls_per_repeat": [900, 900], "baseline_fell": false}
{"cell": "uphill-motor0-sensor0-yaw0.0", "origin": "home", "controls_per_repeat": [900, 900], "baseline_fell": false}
{"cell": "uphill-motor0-sensor0-yaw0.0", "origin": "prebrake", "controls_per_repeat": [900, 900], "baseline_fell": false}
{"cell": "uphill-motor0-sensor0-yaw0.12", "origin": "home", "controls_per_repeat": [900, 900], "baseline_fell": false}
{"cell": "uphill-motor0-sensor0-yaw0.12", "origin": "prebrake", "controls_per_repeat": [900, 900], "baseline_fell": false}
{"cell": "uphill-motor6-sensor1-yaw0.0", "origin": "home", "controls_per_repeat": [900, 900], "baseline_fell": false}
{"cell": "uphill-motor6-sensor1-yaw0.0", "origin": "prebrake", "controls_per_repeat": [900, 900], "baseline_fell": false}
{"cell": "uphill-motor6-sensor1-yaw0.12", "origin": "home", "controls_per_repeat": [900, 900], "baseline_fell": false}
{"cell": "uphill-motor6-sensor1-yaw0.12", "origin": "prebrake", "controls_per_repeat": [900, 900], "baseline_fell": false}
