[38;5;226m[Genesis] [15:40:26] [WARNING] 'torch<2.9.1' does not supported zero-copy on Apple Metal. Consider upgrading pytorch to improve runtime performance: https://pytorch.org/get-started/locally/[0m
[38;5;226m[Genesis] [15:40:28] [WARNING] Mesh is not watertight. Falling back to convex hull for estimating inertial properties.[0m
--------------------------------------------------------------------------------
Resolved observation sets:
	 actor :  ['policy']
	 critic :  ['policy', 'privileged']
--------------------------------------------------------------------------------
Actor Model: MLPModel(
  (obs_normalizer): EmpiricalNormalization()
  (distribution): GaussianDistribution()
  (mlp): MLP(
    (0): Linear(in_features=61, out_features=512, bias=True)
    (1): ELU(alpha=1.0)
    (2): Linear(in_features=512, out_features=256, bias=True)
    (3): ELU(alpha=1.0)
    (4): Linear(in_features=256, out_features=128, bias=True)
    (5): ELU(alpha=1.0)
    (6): Linear(in_features=128, out_features=14, bias=True)
  )
)
Critic Model: MLPModel(
  (obs_normalizer): EmpiricalNormalization()
  (mlp): MLP(
    (0): Linear(in_features=90, out_features=512, bias=True)
    (1): ELU(alpha=1.0)
    (2): Linear(in_features=512, out_features=256, bias=True)
    (3): ELU(alpha=1.0)
    (4): Linear(in_features=256, out_features=128, bias=True)
    (5): ELU(alpha=1.0)
    (6): Linear(in_features=128, out_features=1, bias=True)
  )
)
/tmp/microduck-apple-scaling.LoX4vU/metal-128.json
